Archive member included to satisfy reference by file (symbol)

/usr/bin/../lib/gcc/arm-none-eabi/10.3.1/../../../../arm-none-eabi/lib/thumb/v7e-m/nofp/libg_nano.a(lib_a-exit.o)
                              /usr/bin/../lib/gcc/arm-none-eabi/10.3.1/../../../../arm-none-eabi/lib/thumb/v7e-m/nofp/crt0.o (exit)
/usr/bin/../lib/gcc/arm-none-eabi/10.3.1/../../../../arm-none-eabi/lib/thumb/v7e-m/nofp/libg_nano.a(lib_a-impure.o)
                              /usr/bin/../lib/gcc/arm-none-eabi/10.3.1/../../../../arm-none-eabi/lib/thumb/v7e-m/nofp/libg_nano.a(lib_a-exit.o) (_global_impure_ptr)
/usr/bin/../lib/gcc/arm-none-eabi/10.3.1/../../../../arm-none-eabi/lib/thumb/v7e-m/nofp/libg_nano.a(lib_a-init.o)
                              /usr/bin/../lib/gcc/arm-none-eabi/10.3.1/../../../../arm-none-eabi/lib/thumb/v7e-m/nofp/crt0.o (__libc_init_array)
/usr/bin/../lib/gcc/arm-none-eabi/10.3.1/../../../../arm-none-eabi/lib/thumb/v7e-m/nofp/libg_nano.a(lib_a-memset.o)
                              /usr/bin/../lib/gcc/arm-none-eabi/10.3.1/../../../../arm-none-eabi/lib/thumb/v7e-m/nofp/crt0.o (memset)
/usr/bin/../lib/gcc/arm-none-eabi/10.3.1/../../../../arm-none-eabi/lib/thumb/v7e-m/nofp/libnosys.a(_exit.o)
                              /usr/bin/../lib/gcc/arm-none-eabi/10.3.1/../../../../arm-none-eabi/lib/thumb/v7e-m/nofp/libg_nano.a(lib_a-exit.o) (_exit)

Discarded input sections

 .text          0x0000000000000000        0x0 /usr/bin/../lib/gcc/arm-none-eabi/10.3.1/thumb/v7e-m/nofp/crti.o
 .data          0x0000000000000000        0x0 /usr/bin/../lib/gcc/arm-none-eabi/10.3.1/thumb/v7e-m/nofp/crti.o
 .bss           0x0000000000000000        0x0 /usr/bin/../lib/gcc/arm-none-eabi/10.3.1/thumb/v7e-m/nofp/crti.o
 .data          0x0000000000000000        0x4 /usr/bin/../lib/gcc/arm-none-eabi/10.3.1/thumb/v7e-m/nofp/crtbegin.o
 .rodata        0x0000000000000000       0x24 /usr/bin/../lib/gcc/arm-none-eabi/10.3.1/thumb/v7e-m/nofp/crtbegin.o
 .data          0x0000000000000000        0x0 /usr/bin/../lib/gcc/arm-none-eabi/10.3.1/../../../../arm-none-eabi/lib/thumb/v7e-m/nofp/crt0.o
 .bss           0x0000000000000000        0x0 /usr/bin/../lib/gcc/arm-none-eabi/10.3.1/../../../../arm-none-eabi/lib/thumb/v7e-m/nofp/crt0.o
 .ARM.extab     0x0000000000000000        0x0 /usr/bin/../lib/gcc/arm-none-eabi/10.3.1/../../../../arm-none-eabi/lib/thumb/v7e-m/nofp/crt0.o
 .group         0x0000000000000000        0xc ./Sources/main.o
 .group         0x0000000000000000        0xc ./Sources/main.o
 .group         0x0000000000000000        0xc ./Sources/main.o
 .group         0x0000000000000000        0xc ./Sources/main.o
 .group         0x0000000000000000        0xc ./Sources/main.o
 .group         0x0000000000000000        0xc ./Sources/main.o
 .group         0x0000000000000000        0xc ./Sources/main.o
 .group         0x0000000000000000        0xc ./Sources/main.o
 .group         0x0000000000000000        0xc ./Sources/main.o
 .group         0x0000000000000000        0xc ./Sources/main.o
 .group         0x0000000000000000        0xc ./Sources/main.o
 .group         0x0000000000000000        0xc ./Sources/main.o
 .group         0x0000000000000000        0xc ./Sources/main.o
 .group         0x0000000000000000        0xc ./Sources/main.o
 .group         0x0000000000000000        0xc ./Sources/main.o
 .group         0x0000000000000000        0xc ./Sources/main.o
 .group         0x0000000000000000        0xc ./Sources/main.o
 .group         0x0000000000000000        0xc ./Sources/main.o
 .group         0x0000000000000000        0xc ./Sources/main.o
 .group         0x0000000000000000        0xc ./Sources/main.o
 .group         0x0000000000000000        0xc ./Sources/main.o
 .group         0x0000000000000000        0xc ./Sources/main.o
 .group         0x0000000000000000        0xc ./Sources/main.o
 .group         0x0000000000000000        0xc ./Sources/main.o
 .group         0x0000000000000000        0xc ./Sources/main.o
 .group         0x0000000000000000        0xc ./Sources/main.o
 .group         0x0000000000000000        0xc ./Sources/main.o
 .group         0x0000000000000000        0xc ./Sources/main.o
 .group         0x0000000000000000        0xc ./Sources/main.o
 .group         0x0000000000000000        0xc ./Sources/main.o
 .group         0x0000000000000000        0xc ./Sources/main.o
 .group         0x0000000000000000        0xc ./Sources/main.o
 .group         0x0000000000000000        0xc ./Sources/main.o
 .group         0x0000000000000000        0xc ./Sources/main.o
 .text          0x0000000000000000        0x0 ./Sources/main.o
 .data          0x0000000000000000        0x0 ./Sources/main.o
 .bss           0x0000000000000000        0x0 ./Sources/main.o
 .data          0x0000000000000000        0x0 ./Project_Settings/Startup_Code/startup_MK60D10.o
 .bss           0x0000000000000000        0x0 ./Project_Settings/Startup_Code/startup_MK60D10.o
 .group         0x0000000000000000        0xc ./Project_Settings/Startup_Code/system_MK60D10.o
 .group         0x0000000000000000        0xc ./Project_Settings/Startup_Code/system_MK60D10.o
 .group         0x0000000000000000        0xc ./Project_Settings/Startup_Code/system_MK60D10.o
 .group         0x0000000000000000        0xc ./Project_Settings/Startup_Code/system_MK60D10.o
 .group         0x0000000000000000        0xc ./Project_Settings/Startup_Code/system_MK60D10.o
 .group         0x0000000000000000        0xc ./Project_Settings/Startup_Code/system_MK60D10.o
 .group         0x0000000000000000        0xc ./Project_Settings/Startup_Code/system_MK60D10.o
 .group         0x0000000000000000        0xc ./Project_Settings/Startup_Code/system_MK60D10.o
 .group         0x0000000000000000        0xc ./Project_Settings/Startup_Code/system_MK60D10.o
 .group         0x0000000000000000        0xc ./Project_Settings/Startup_Code/system_MK60D10.o
 .group         0x0000000000000000        0xc ./Project_Settings/Startup_Code/system_MK60D10.o
 .group         0x0000000000000000        0xc ./Project_Settings/Startup_Code/system_MK60D10.o
 .group         0x0000000000000000        0xc ./Project_Settings/Startup_Code/system_MK60D10.o
 .group         0x0000000000000000        0xc ./Project_Settings/Startup_Code/system_MK60D10.o
 .text          0x0000000000000000        0x0 ./Project_Settings/Startup_Code/system_MK60D10.o
 .data          0x0000000000000000        0x0 ./Project_Settings/Startup_Code/system_MK60D10.o
 .bss           0x0000000000000000        0x0 ./Project_Settings/Startup_Code/system_MK60D10.o
 .data.SystemCoreClock
                0x0000000000000000        0x4 ./Project_Settings/Startup_Code/system_MK60D10.o
 .text.SystemCoreClockUpdate
                0x0000000000000000      0x270 ./Project_Settings/Startup_Code/system_MK60D10.o
 .debug_macro   0x0000000000000000      0xa4e ./Project_Settings/Startup_Code/system_MK60D10.o
 .debug_macro   0x0000000000000000       0x22 ./Project_Settings/Startup_Code/system_MK60D10.o
 .debug_macro   0x0000000000000000       0x56 ./Project_Settings/Startup_Code/system_MK60D10.o
 .debug_macro   0x0000000000000000       0x51 ./Project_Settings/Startup_Code/system_MK60D10.o
 .debug_macro   0x0000000000000000      0x103 ./Project_Settings/Startup_Code/system_MK60D10.o
 .debug_macro   0x0000000000000000       0x6a ./Project_Settings/Startup_Code/system_MK60D10.o
 .debug_macro   0x0000000000000000      0x1df ./Project_Settings/Startup_Code/system_MK60D10.o
 .debug_macro   0x0000000000000000       0x3b ./Project_Settings/Startup_Code/system_MK60D10.o
 .debug_macro   0x0000000000000000       0x34 ./Project_Settings/Startup_Code/system_MK60D10.o
 .debug_macro   0x0000000000000000       0x26 ./Project_Settings/Startup_Code/system_MK60D10.o
 .debug_macro   0x0000000000000000      0xba3 ./Project_Settings/Startup_Code/system_MK60D10.o
 .debug_macro   0x0000000000000000       0x71 ./Project_Settings/Startup_Code/system_MK60D10.o
 .debug_macro   0x0000000000000000    0x17cf8 ./Project_Settings/Startup_Code/system_MK60D10.o
 .text          0x0000000000000000        0x0 /usr/bin/../lib/gcc/arm-none-eabi/10.3.1/../../../../arm-none-eabi/lib/thumb/v7e-m/nofp/libg_nano.a(lib_a-exit.o)
 .data          0x0000000000000000        0x0 /usr/bin/../lib/gcc/arm-none-eabi/10.3.1/../../../../arm-none-eabi/lib/thumb/v7e-m/nofp/libg_nano.a(lib_a-exit.o)
 .bss           0x0000000000000000        0x0 /usr/bin/../lib/gcc/arm-none-eabi/10.3.1/../../../../arm-none-eabi/lib/thumb/v7e-m/nofp/libg_nano.a(lib_a-exit.o)
 .text          0x0000000000000000        0x0 /usr/bin/../lib/gcc/arm-none-eabi/10.3.1/../../../../arm-none-eabi/lib/thumb/v7e-m/nofp/libg_nano.a(lib_a-impure.o)
 .data          0x0000000000000000        0x0 /usr/bin/../lib/gcc/arm-none-eabi/10.3.1/../../../../arm-none-eabi/lib/thumb/v7e-m/nofp/libg_nano.a(lib_a-impure.o)
 .bss           0x0000000000000000        0x0 /usr/bin/../lib/gcc/arm-none-eabi/10.3.1/../../../../arm-none-eabi/lib/thumb/v7e-m/nofp/libg_nano.a(lib_a-impure.o)
 .data._impure_ptr
                0x0000000000000000        0x4 /usr/bin/../lib/gcc/arm-none-eabi/10.3.1/../../../../arm-none-eabi/lib/thumb/v7e-m/nofp/libg_nano.a(lib_a-impure.o)
 .text          0x0000000000000000        0x0 /usr/bin/../lib/gcc/arm-none-eabi/10.3.1/../../../../arm-none-eabi/lib/thumb/v7e-m/nofp/libg_nano.a(lib_a-init.o)
 .data          0x0000000000000000        0x0 /usr/bin/../lib/gcc/arm-none-eabi/10.3.1/../../../../arm-none-eabi/lib/thumb/v7e-m/nofp/libg_nano.a(lib_a-init.o)
 .bss           0x0000000000000000        0x0 /usr/bin/../lib/gcc/arm-none-eabi/10.3.1/../../../../arm-none-eabi/lib/thumb/v7e-m/nofp/libg_nano.a(lib_a-init.o)
 .text          0x0000000000000000        0x0 /usr/bin/../lib/gcc/arm-none-eabi/10.3.1/../../../../arm-none-eabi/lib/thumb/v7e-m/nofp/libg_nano.a(lib_a-memset.o)
 .data          0x0000000000000000        0x0 /usr/bin/../lib/gcc/arm-none-eabi/10.3.1/../../../../arm-none-eabi/lib/thumb/v7e-m/nofp/libg_nano.a(lib_a-memset.o)
 .bss           0x0000000000000000        0x0 /usr/bin/../lib/gcc/arm-none-eabi/10.3.1/../../../../arm-none-eabi/lib/thumb/v7e-m/nofp/libg_nano.a(lib_a-memset.o)
 .text          0x0000000000000000        0x0 /usr/bin/../lib/gcc/arm-none-eabi/10.3.1/../../../../arm-none-eabi/lib/thumb/v7e-m/nofp/libnosys.a(_exit.o)
 .data          0x0000000000000000        0x0 /usr/bin/../lib/gcc/arm-none-eabi/10.3.1/../../../../arm-none-eabi/lib/thumb/v7e-m/nofp/libnosys.a(_exit.o)
 .bss           0x0000000000000000        0x0 /usr/bin/../lib/gcc/arm-none-eabi/10.3.1/../../../../arm-none-eabi/lib/thumb/v7e-m/nofp/libnosys.a(_exit.o)
 .text          0x0000000000000000        0x0 /usr/bin/../lib/gcc/arm-none-eabi/10.3.1/thumb/v7e-m/nofp/crtend.o
 .data          0x0000000000000000        0x0 /usr/bin/../lib/gcc/arm-none-eabi/10.3.1/thumb/v7e-m/nofp/crtend.o
 .bss           0x0000000000000000        0x0 /usr/bin/../lib/gcc/arm-none-eabi/10.3.1/thumb/v7e-m/nofp/crtend.o
 .rodata        0x0000000000000000       0x24 /usr/bin/../lib/gcc/arm-none-eabi/10.3.1/thumb/v7e-m/nofp/crtend.o
 .eh_frame      0x0000000000000000        0x4 /usr/bin/../lib/gcc/arm-none-eabi/10.3.1/thumb/v7e-m/nofp/crtend.o
 .ARM.attributes
                0x0000000000000000       0x2e /usr/bin/../lib/gcc/arm-none-eabi/10.3.1/thumb/v7e-m/nofp/crtend.o
 .text          0x0000000000000000        0x0 /usr/bin/../lib/gcc/arm-none-eabi/10.3.1/thumb/v7e-m/nofp/crtn.o
 .data          0x0000000000000000        0x0 /usr/bin/../lib/gcc/arm-none-eabi/10.3.1/thumb/v7e-m/nofp/crtn.o
 .bss           0x0000000000000000        0x0 /usr/bin/../lib/gcc/arm-none-eabi/10.3.1/thumb/v7e-m/nofp/crtn.o

Memory Configuration

Name             Origin             Length             Attributes
m_interrupts     0x0000000000000000 0x0000000000000400 xr
m_flash_config   0x0000000000000400 0x0000000000000010 xr
m_text           0x0000000000000410 0x000000000007fbf0 xr
m_data           0x000000001fff0000 0x0000000000010000 rw
m_data_2         0x0000000020000000 0x0000000000010000 rw
*default*        0x0000000000000000 0xffffffffffffffff

Linker script and memory map

LOAD /usr/bin/../lib/gcc/arm-none-eabi/10.3.1/thumb/v7e-m/nofp/crti.o
LOAD /usr/bin/../lib/gcc/arm-none-eabi/10.3.1/thumb/v7e-m/nofp/crtbegin.o
LOAD /usr/bin/../lib/gcc/arm-none-eabi/10.3.1/../../../../arm-none-eabi/lib/thumb/v7e-m/nofp/crt0.o
LOAD ./Sources/main.o
LOAD ./Project_Settings/Startup_Code/startup_MK60D10.o
LOAD ./Project_Settings/Startup_Code/system_MK60D10.o
LOAD /usr/bin/../lib/gcc/arm-none-eabi/10.3.1/../../../../arm-none-eabi/lib/thumb/v7e-m/nofp/libstdc++_nano.a
LOAD /usr/bin/../lib/gcc/arm-none-eabi/10.3.1/../../../../arm-none-eabi/lib/thumb/v7e-m/nofp/libm.a
START GROUP
LOAD /usr/bin/../lib/gcc/arm-none-eabi/10.3.1/thumb/v7e-m/nofp/libgcc.a
LOAD /usr/bin/../lib/gcc/arm-none-eabi/10.3.1/../../../../arm-none-eabi/lib/thumb/v7e-m/nofp/libg_nano.a
LOAD /usr/bin/../lib/gcc/arm-none-eabi/10.3.1/../../../../arm-none-eabi/lib/thumb/v7e-m/nofp/libc_nano.a
END GROUP
START GROUP
LOAD /usr/bin/../lib/gcc/arm-none-eabi/10.3.1/thumb/v7e-m/nofp/libgcc.a
LOAD /usr/bin/../lib/gcc/arm-none-eabi/10.3.1/../../../../arm-none-eabi/lib/thumb/v7e-m/nofp/libc_nano.a
LOAD /usr/bin/../lib/gcc/arm-none-eabi/10.3.1/../../../../arm-none-eabi/lib/thumb/v7e-m/nofp/libnosys.a
END GROUP
START GROUP
LOAD /usr/bin/../lib/gcc/arm-none-eabi/10.3.1/thumb/v7e-m/nofp/libgcc.a
LOAD /usr/bin/../lib/gcc/arm-none-eabi/10.3.1/../../../../arm-none-eabi/lib/thumb/v7e-m/nofp/libc_nano.a
LOAD /usr/bin/../lib/gcc/arm-none-eabi/10.3.1/../../../../arm-none-eabi/lib/thumb/v7e-m/nofp/libnosys.a
END GROUP
LOAD /usr/bin/../lib/gcc/arm-none-eabi/10.3.1/thumb/v7e-m/nofp/crtend.o
LOAD /usr/bin/../lib/gcc/arm-none-eabi/10.3.1/thumb/v7e-m/nofp/crtn.o
                0x0000000000000400                HEAP_SIZE = DEFINED (__heap_size__)?__heap_size__:0x400
                0x0000000000000400                STACK_SIZE = DEFINED (__stack_size__)?__stack_size__:0x400

.interrupts     0x0000000000000000      0x400
                0x0000000000000000                __VECTOR_TABLE = .
                0x0000000000000000                . = ALIGN (0x4)
 *(.isr_vector)
 .isr_vector    0x0000000000000000      0x400 ./Project_Settings/Startup_Code/startup_MK60D10.o
                0x0000000000000000                __isr_vector
                0x0000000000000400                . = ALIGN (0x4)

.flash_config   0x0000000000000400       0x10
                0x0000000000000400                . = ALIGN (0x4)
 *(.FlashConfig)
 .FlashConfig   0x0000000000000400       0x10 ./Project_Settings/Startup_Code/startup_MK60D10.o
                0x0000000000000410                . = ALIGN (0x4)

.text           0x0000000000000410      0xab4
                0x0000000000000410                . = ALIGN (0x4)
 *(.text)
 .text          0x0000000000000410       0x40 /usr/bin/../lib/gcc/arm-none-eabi/10.3.1/thumb/v7e-m/nofp/crtbegin.o
 .text          0x0000000000000450       0x7c /usr/bin/../lib/gcc/arm-none-eabi/10.3.1/../../../../arm-none-eabi/lib/thumb/v7e-m/nofp/crt0.o
                0x0000000000000450                _stack_init
                0x0000000000000458                _mainCRTStartup
                0x0000000000000458                _start
 .text          0x00000000000004cc       0x30 ./Project_Settings/Startup_Code/startup_MK60D10.o
                0x00000000000004cc                Reset_Handler
                0x00000000000004f8                CAN0_Rx_Warning_IRQHandler
                0x00000000000004f8                Reserved111_IRQHandler
                0x00000000000004f8                DebugMon_Handler
                0x00000000000004f8                I2C0_IRQHandler
                0x00000000000004f8                HardFault_Handler
                0x00000000000004f8                CAN1_ORed_Message_buffer_IRQHandler
                0x00000000000004f8                SysTick_Handler
                0x00000000000004f8                UART3_RX_TX_IRQHandler
                0x00000000000004f8                Reserved114_IRQHandler
                0x00000000000004f8                PendSV_Handler
                0x00000000000004f8                NMI_Handler
                0x00000000000004f8                UART0_RX_TX_IRQHandler
                0x00000000000004f8                I2C1_IRQHandler
                0x00000000000004f8                DMA2_IRQHandler
                0x00000000000004f8                Reserved59_IRQHandler
                0x00000000000004f8                ENET_Error_IRQHandler
                0x00000000000004f8                CAN0_Tx_Warning_IRQHandler
                0x00000000000004f8                Reserved119_IRQHandler
                0x00000000000004f8                CAN0_ORed_Message_buffer_IRQHandler
                0x00000000000004f8                CMP2_IRQHandler
                0x00000000000004f8                LLWU_IRQHandler
                0x00000000000004f8                Reserved116_IRQHandler
                0x00000000000004f8                TSI0_IRQHandler
                0x00000000000004f8                ENET_Receive_IRQHandler
                0x00000000000004f8                ENET_1588_Timer_IRQHandler
                0x00000000000004f8                CAN1_Error_IRQHandler
                0x00000000000004f8                UART2_RX_TX_IRQHandler
                0x00000000000004f8                SWI_IRQHandler
                0x00000000000004f8                ADC0_IRQHandler
                0x00000000000004f8                UsageFault_Handler
                0x00000000000004f8                I2S0_Tx_IRQHandler
                0x00000000000004f8                CMT_IRQHandler
                0x00000000000004f8                UART4_RX_TX_IRQHandler
                0x00000000000004f8                SPI1_IRQHandler
                0x00000000000004f8                DefaultISR
                0x00000000000004f8                DMA9_IRQHandler
                0x00000000000004f8                DMA14_IRQHandler
                0x00000000000004f8                CMP1_IRQHandler
                0x00000000000004f8                PORTD_IRQHandler
                0x00000000000004f8                PORTB_IRQHandler
                0x00000000000004f8                UART4_ERR_IRQHandler
                0x00000000000004f8                ADC1_IRQHandler
                0x00000000000004f8                PIT2_IRQHandler
                0x00000000000004f8                I2S0_Rx_IRQHandler
                0x00000000000004f8                DMA5_IRQHandler
                0x00000000000004f8                RTC_IRQHandler
                0x00000000000004f8                PDB0_IRQHandler
                0x00000000000004f8                CAN1_Bus_Off_IRQHandler
                0x00000000000004f8                FTM1_IRQHandler
                0x00000000000004f8                UART5_RX_TX_IRQHandler
                0x00000000000004f8                Reserved95_IRQHandler
                0x00000000000004f8                UART3_ERR_IRQHandler
                0x00000000000004f8                PIT3_IRQHandler
                0x00000000000004f8                SDHC_IRQHandler
                0x00000000000004f8                RTC_Seconds_IRQHandler
                0x00000000000004f8                MCG_IRQHandler
                0x00000000000004f8                Reserved108_IRQHandler
                0x00000000000004f8                Reserved117_IRQHandler
                0x00000000000004f8                UART2_ERR_IRQHandler
                0x00000000000004f8                DMA11_IRQHandler
                0x00000000000004f8                UART5_ERR_IRQHandler
                0x00000000000004f8                Read_Collision_IRQHandler
                0x00000000000004f8                DMA7_IRQHandler
                0x00000000000004f8                Reserved102_IRQHandler
                0x00000000000004f8                ENET_Transmit_IRQHandler
                0x00000000000004f8                USBDCD_IRQHandler
                0x00000000000004f8                CAN1_Tx_Warning_IRQHandler
                0x00000000000004f8                USB0_IRQHandler
                0x00000000000004f8                SPI2_IRQHandler
                0x00000000000004f8                WDOG_EWM_IRQHandler
                0x00000000000004f8                MemManage_Handler
                0x00000000000004f8                CAN1_Rx_Warning_IRQHandler
                0x00000000000004f8                Reserved115_IRQHandler
                0x00000000000004f8                SVC_Handler
                0x00000000000004f8                CAN1_Wake_Up_IRQHandler
                0x00000000000004f8                Reserved109_IRQHandler
                0x00000000000004f8                DMA13_IRQHandler
                0x00000000000004f8                DMA3_IRQHandler
                0x00000000000004f8                UART0_LON_IRQHandler
                0x00000000000004f8                RNG_IRQHandler
                0x00000000000004f8                DMA0_IRQHandler
                0x00000000000004f8                DMA15_IRQHandler
                0x00000000000004f8                DAC0_IRQHandler
                0x00000000000004f8                Reserved118_IRQHandler
                0x00000000000004f8                CAN0_Error_IRQHandler
                0x00000000000004f8                Reserved112_IRQHandler
                0x00000000000004f8                DMA4_IRQHandler
                0x00000000000004f8                PIT1_IRQHandler
                0x00000000000004f8                UART0_ERR_IRQHandler
                0x00000000000004f8                DMA_Error_IRQHandler
                0x00000000000004f8                LVD_LVW_IRQHandler
                0x00000000000004f8                SPI0_IRQHandler
                0x00000000000004f8                FTM0_IRQHandler
                0x00000000000004f8                PORTA_IRQHandler
                0x00000000000004f8                DAC1_IRQHandler
                0x00000000000004f8                MCM_IRQHandler
                0x00000000000004f8                DMA12_IRQHandler
                0x00000000000004f8                FTFL_IRQHandler
                0x00000000000004f8                CAN0_Bus_Off_IRQHandler
                0x00000000000004f8                FTM2_IRQHandler
                0x00000000000004f8                LPTMR0_IRQHandler
                0x00000000000004f8                BusFault_Handler
                0x00000000000004f8                DMA8_IRQHandler
                0x00000000000004f8                DMA10_IRQHandler
                0x00000000000004f8                CAN0_Wake_Up_IRQHandler
                0x00000000000004f8                UART1_ERR_IRQHandler
                0x00000000000004f8                UART1_RX_TX_IRQHandler
                0x00000000000004f8                CMP0_IRQHandler
                0x00000000000004f8                PORTC_IRQHandler
                0x00000000000004f8                DMA6_IRQHandler
                0x00000000000004f8                DMA1_IRQHandler
                0x00000000000004f8                Reserved113_IRQHandler
 *(.text*)
 .text.NVIC_EnableIRQ
                0x00000000000004fc       0x30 ./Sources/main.o
 .text.NVIC_ClearPendingIRQ
                0x000000000000052c       0x34 ./Sources/main.o
 .text.NVIC_SetPriority
                0x0000000000000560       0x54 ./Sources/main.o
 .text.SystemConfig
                0x00000000000005b4      0x178 ./Sources/main.o
                0x00000000000005b4                SystemConfig
 .text.init_snake_body_variables
                0x000000000000072c       0x44 ./Sources/main.o
                0x000000000000072c                init_snake_body_variables
 .text.delay    0x0000000000000770       0x3e ./Sources/main.o
                0x0000000000000770                delay
 .text.get_column_from_display
                0x00000000000007ae       0x60 ./Sources/main.o
                0x00000000000007ae                get_column_from_display
 .text.get_display_from_column
                0x000000000000080e       0x52 ./Sources/main.o
                0x000000000000080e                get_display_from_column
 .text.get_row_from_display
                0x0000000000000860       0xa8 ./Sources/main.o
                0x0000000000000860                get_row_from_display
 .text.get_display_from_row
                0x0000000000000908       0x8a ./Sources/main.o
                0x0000000000000908                get_display_from_row
 *fill*         0x0000000000000992        0x2 
 .text.move_right
                0x0000000000000994       0x68 ./Sources/main.o
                0x0000000000000994                move_right
 .text.move_left
                0x00000000000009fc       0x68 ./Sources/main.o
                0x00000000000009fc                move_left
 .text.move_up  0x0000000000000a64       0x80 ./Sources/main.o
                0x0000000000000a64                move_up
 .text.move_down
                0x0000000000000ae4       0x74 ./Sources/main.o
                0x0000000000000ae4                move_down
 .text.PIT0_IRQHandler
                0x0000000000000b58      0x128 ./Sources/main.o
                0x0000000000000b58                PIT0_IRQHandler
 .text.PORTE_IRQHandler
                0x0000000000000c80      0x16c ./Sources/main.o
                0x0000000000000c80                PORTE_IRQHandler
 .text.main     0x0000000000000dec        0xe ./Sources/main.o
                0x0000000000000dec                main
 *fill*         0x0000000000000dfa        0x2 
 .text.SystemInit
                0x0000000000000dfc       0x28 ./Project_Settings/Startup_Code/system_MK60D10.o
                0x0000000000000dfc                SystemInit
 .text.exit     0x0000000000000e24       0x28 /usr/bin/../lib/gcc/arm-none-eabi/10.3.1/../../../../arm-none-eabi/lib/thumb/v7e-m/nofp/libg_nano.a(lib_a-exit.o)
                0x0000000000000e24                exit
 .text.__libc_init_array
                0x0000000000000e4c       0x48 /usr/bin/../lib/gcc/arm-none-eabi/10.3.1/../../../../arm-none-eabi/lib/thumb/v7e-m/nofp/libg_nano.a(lib_a-init.o)
                0x0000000000000e4c                __libc_init_array
 .text.memset   0x0000000000000e94       0x10 /usr/bin/../lib/gcc/arm-none-eabi/10.3.1/../../../../arm-none-eabi/lib/thumb/v7e-m/nofp/libg_nano.a(lib_a-memset.o)
                0x0000000000000e94                memset
 .text._exit    0x0000000000000ea4        0x4 /usr/bin/../lib/gcc/arm-none-eabi/10.3.1/../../../../arm-none-eabi/lib/thumb/v7e-m/nofp/libnosys.a(_exit.o)
                0x0000000000000ea4                _exit
 *(.rodata)
 *(.rodata*)
 .rodata._global_impure_ptr
                0x0000000000000ea8        0x4 /usr/bin/../lib/gcc/arm-none-eabi/10.3.1/../../../../arm-none-eabi/lib/thumb/v7e-m/nofp/libg_nano.a(lib_a-impure.o)
                0x0000000000000ea8                _global_impure_ptr
 *(.glue_7)
 .glue_7        0x0000000000000eac        0x0 linker stubs
 *(.glue_7t)
 .glue_7t       0x0000000000000eac        0x0 linker stubs
 *(.eh_frame)
 .eh_frame      0x0000000000000eac        0x0 /usr/bin/../lib/gcc/arm-none-eabi/10.3.1/thumb/v7e-m/nofp/crtbegin.o
 *(.init)
 .init          0x0000000000000eac        0x4 /usr/bin/../lib/gcc/arm-none-eabi/10.3.1/thumb/v7e-m/nofp/crti.o
                0x0000000000000eac                _init
 .init          0x0000000000000eb0        0x8 /usr/bin/../lib/gcc/arm-none-eabi/10.3.1/thumb/v7e-m/nofp/crtn.o
 *(.fini)
 .fini          0x0000000000000eb8        0x4 /usr/bin/../lib/gcc/arm-none-eabi/10.3.1/thumb/v7e-m/nofp/crti.o
                0x0000000000000eb8                _fini
 .fini          0x0000000000000ebc        0x8 /usr/bin/../lib/gcc/arm-none-eabi/10.3.1/thumb/v7e-m/nofp/crtn.o
                0x0000000000000ec4                . = ALIGN (0x4)

.vfp11_veneer   0x0000000000000ec4        0x0
 .vfp11_veneer  0x0000000000000ec4        0x0 linker stubs

.v4_bx          0x0000000000000ec4        0x0
 .v4_bx         0x0000000000000ec4        0x0 linker stubs

.iplt           0x0000000000000ec4        0x0
 .iplt          0x0000000000000ec4        0x0 /usr/bin/../lib/gcc/arm-none-eabi/10.3.1/thumb/v7e-m/nofp/crtbegin.o

.ARM.extab
 *(.ARM.extab* .gnu.linkonce.armextab.*)

.ARM            0x0000000000000ec4        0x8
                0x0000000000000ec4                __exidx_start = .
 *(.ARM.exidx*)
 .ARM.exidx     0x0000000000000ec4        0x8 /usr/bin/../lib/gcc/arm-none-eabi/10.3.1/../../../../arm-none-eabi/lib/thumb/v7e-m/nofp/crt0.o
                                         0x10 (size before relaxing)
                0x0000000000000ecc                __exidx_end = .

.rel.dyn        0x0000000000000ecc        0x0
 .rel.iplt      0x0000000000000ecc        0x0 /usr/bin/../lib/gcc/arm-none-eabi/10.3.1/thumb/v7e-m/nofp/crtbegin.o

.ctors          0x0000000000000ecc        0x0
                0x0000000000000ecc                __CTOR_LIST__ = .
 *crtbegin.o(.ctors)
 *crtbegin?.o(.ctors)
 *(EXCLUDE_FILE(*crtend.o *crtend?.o) .ctors)
 *(SORT_BY_NAME(.ctors.*))
 *(.ctors)
                0x0000000000000ecc                __CTOR_END__ = .

.dtors          0x0000000000000ecc        0x0
                0x0000000000000ecc                __DTOR_LIST__ = .
 *crtbegin.o(.dtors)
 *crtbegin?.o(.dtors)
 *(EXCLUDE_FILE(*crtend.o *crtend?.o) .dtors)
 *(SORT_BY_NAME(.dtors.*))
 *(.dtors)
                0x0000000000000ecc                __DTOR_END__ = .

.preinit_array  0x0000000000000ecc        0x0
                0x0000000000000ecc                PROVIDE (__preinit_array_start = .)
 *(.preinit_array*)
                0x0000000000000ecc                PROVIDE (__preinit_array_end = .)

.init_array     0x0000000000000ecc        0x4
                0x0000000000000ecc                PROVIDE (__init_array_start = .)
 *(SORT_BY_NAME(.init_array.*))
 *(.init_array*)
 .init_array    0x0000000000000ecc        0x4 /usr/bin/../lib/gcc/arm-none-eabi/10.3.1/thumb/v7e-m/nofp/crtbegin.o
                0x0000000000000ed0                PROVIDE (__init_array_end = .)

.fini_array     0x0000000000000ed0        0x4
                [!provide]                        PROVIDE (__fini_array_start = .)
 *(SORT_BY_NAME(.fini_array.*))
 *(.fini_array*)
 .fini_array    0x0000000000000ed0        0x4 /usr/bin/../lib/gcc/arm-none-eabi/10.3.1/thumb/v7e-m/nofp/crtbegin.o
                [!provide]                        PROVIDE (__fini_array_end = .)
                0x0000000000000ed4                __etext = .
                0x0000000000000ed4                __DATA_ROM = .

.data           0x000000001fff0000       0x78 load address 0x0000000000000ed4
                0x000000001fff0000                . = ALIGN (0x4)
                0x000000001fff0000                __DATA_RAM = .
                0x000000001fff0000                __data_start__ = .
 *(.data)
 *(.data*)
 .data.snake    0x000000001fff0000       0x18 ./Sources/main.o
                0x000000001fff0000                snake
 .data.impure_data
                0x000000001fff0018       0x60 /usr/bin/../lib/gcc/arm-none-eabi/10.3.1/../../../../arm-none-eabi/lib/thumb/v7e-m/nofp/libg_nano.a(lib_a-impure.o)
 *(.jcr*)
                0x000000001fff0078                . = ALIGN (0x4)
                0x000000001fff0078                __data_end__ = .
                0x0000000000000f4c                __DATA_END = (__DATA_ROM + (__data_end__ - __data_start__))

.igot.plt       0x000000001fff0078        0x0 load address 0x0000000000000f4c
 .igot.plt      0x000000001fff0078        0x0 /usr/bin/../lib/gcc/arm-none-eabi/10.3.1/thumb/v7e-m/nofp/crtbegin.o

.bss            0x000000001fff0078       0x20 load address 0x0000000000000f4c
                0x000000001fff0078                . = ALIGN (0x4)
                0x000000001fff0078                __START_BSS = .
                0x000000001fff0078                __bss_start__ = .
 *(.bss)
 .bss           0x000000001fff0078       0x1c /usr/bin/../lib/gcc/arm-none-eabi/10.3.1/thumb/v7e-m/nofp/crtbegin.o
 *(.bss*)
 .bss.i         0x000000001fff0094        0x4 ./Sources/main.o
                0x000000001fff0094                i
 *(COMMON)
                0x000000001fff0098                . = ALIGN (0x4)
                0x000000001fff0098                __bss_end__ = .
                0x000000001fff0098                __END_BSS = .

.heap           0x0000000020000000      0x400
                0x0000000020000000                . = ALIGN (0x8)
                0x0000000020000000                __end__ = .
                [!provide]                        PROVIDE (end = .)
                0x0000000020000000                __HeapBase = .
                0x0000000020000400                . = (. + HEAP_SIZE)
 *fill*         0x0000000020000000      0x400 
                0x0000000020000400                __HeapLimit = .

.stack          0x0000000020000400      0x400
                0x0000000020000400                . = ALIGN (0x8)
                0x0000000020000800                . = (. + STACK_SIZE)
 *fill*         0x0000000020000400      0x400 
                0x0000000020010000                __StackTop = (ORIGIN (m_data_2) + LENGTH (m_data_2))
                0x000000002000fc00                __StackLimit = (__StackTop - STACK_SIZE)
                0x0000000020010000                PROVIDE (__stack = __StackTop)

.ARM.attributes
                0x0000000000000000       0x2a
 *(.ARM.attributes)
 .ARM.attributes
                0x0000000000000000       0x1e /usr/bin/../lib/gcc/arm-none-eabi/10.3.1/thumb/v7e-m/nofp/crti.o
 .ARM.attributes
                0x000000000000001e       0x2e /usr/bin/../lib/gcc/arm-none-eabi/10.3.1/thumb/v7e-m/nofp/crtbegin.o
 .ARM.attributes
                0x000000000000004c       0x1c /usr/bin/../lib/gcc/arm-none-eabi/10.3.1/../../../../arm-none-eabi/lib/thumb/v7e-m/nofp/crt0.o
 .ARM.attributes
                0x0000000000000068       0x2e ./Sources/main.o
 .ARM.attributes
                0x0000000000000096       0x1b ./Project_Settings/Startup_Code/startup_MK60D10.o
 .ARM.attributes
                0x00000000000000b1       0x2e ./Project_Settings/Startup_Code/system_MK60D10.o
 .ARM.attributes
                0x00000000000000df       0x2e /usr/bin/../lib/gcc/arm-none-eabi/10.3.1/../../../../arm-none-eabi/lib/thumb/v7e-m/nofp/libg_nano.a(lib_a-exit.o)
 .ARM.attributes
                0x000000000000010d       0x2e /usr/bin/../lib/gcc/arm-none-eabi/10.3.1/../../../../arm-none-eabi/lib/thumb/v7e-m/nofp/libg_nano.a(lib_a-impure.o)
 .ARM.attributes
                0x000000000000013b       0x2e /usr/bin/../lib/gcc/arm-none-eabi/10.3.1/../../../../arm-none-eabi/lib/thumb/v7e-m/nofp/libg_nano.a(lib_a-init.o)
 .ARM.attributes
                0x0000000000000169       0x2e /usr/bin/../lib/gcc/arm-none-eabi/10.3.1/../../../../arm-none-eabi/lib/thumb/v7e-m/nofp/libg_nano.a(lib_a-memset.o)
 .ARM.attributes
                0x0000000000000197       0x2e /usr/bin/../lib/gcc/arm-none-eabi/10.3.1/../../../../arm-none-eabi/lib/thumb/v7e-m/nofp/libnosys.a(_exit.o)
 .ARM.attributes
                0x00000000000001c5       0x1e /usr/bin/../lib/gcc/arm-none-eabi/10.3.1/thumb/v7e-m/nofp/crtn.o
                0x0000000000000001                ASSERT ((__StackLimit >= __HeapLimit), region m_data_2 overflowed with stack and heap)
OUTPUT(imp.elf elf32-littlearm)
LOAD linker stubs

.debug_info     0x0000000000000000     0x135a
 .debug_info    0x0000000000000000      0xe75 ./Sources/main.o
 .debug_info    0x0000000000000e75       0x26 ./Project_Settings/Startup_Code/startup_MK60D10.o
 .debug_info    0x0000000000000e9b      0x4bf ./Project_Settings/Startup_Code/system_MK60D10.o

.debug_abbrev   0x0000000000000000      0x3fc
 .debug_abbrev  0x0000000000000000      0x2ba ./Sources/main.o
 .debug_abbrev  0x00000000000002ba       0x14 ./Project_Settings/Startup_Code/startup_MK60D10.o
 .debug_abbrev  0x00000000000002ce      0x12e ./Project_Settings/Startup_Code/system_MK60D10.o

.debug_aranges  0x0000000000000000       0xe8
 .debug_aranges
                0x0000000000000000       0xa0 ./Sources/main.o
 .debug_aranges
                0x00000000000000a0       0x20 ./Project_Settings/Startup_Code/startup_MK60D10.o
 .debug_aranges
                0x00000000000000c0       0x28 ./Project_Settings/Startup_Code/system_MK60D10.o

.debug_ranges   0x0000000000000000       0xa8
 .debug_ranges  0x0000000000000000       0x90 ./Sources/main.o
 .debug_ranges  0x0000000000000090       0x18 ./Project_Settings/Startup_Code/system_MK60D10.o

.debug_macro    0x0000000000000000    0x1a6f4
 .debug_macro   0x0000000000000000      0x2ee ./Sources/main.o
 .debug_macro   0x00000000000002ee      0xa4e ./Sources/main.o
 .debug_macro   0x0000000000000d3c       0x16 ./Sources/main.o
 .debug_macro   0x0000000000000d52       0x22 ./Sources/main.o
 .debug_macro   0x0000000000000d74       0x56 ./Sources/main.o
 .debug_macro   0x0000000000000dca       0x51 ./Sources/main.o
 .debug_macro   0x0000000000000e1b      0x103 ./Sources/main.o
 .debug_macro   0x0000000000000f1e       0x6a ./Sources/main.o
 .debug_macro   0x0000000000000f88      0x1df ./Sources/main.o
 .debug_macro   0x0000000000001167       0x53 ./Sources/main.o
 .debug_macro   0x00000000000011ba       0x3b ./Sources/main.o
 .debug_macro   0x00000000000011f5       0x34 ./Sources/main.o
 .debug_macro   0x0000000000001229       0x26 ./Sources/main.o
 .debug_macro   0x000000000000124f      0xba3 ./Sources/main.o
 .debug_macro   0x0000000000001df2       0x71 ./Sources/main.o
 .debug_macro   0x0000000000001e63    0x17cf8 ./Sources/main.o
 .debug_macro   0x0000000000019b5b       0x64 ./Sources/main.o
 .debug_macro   0x0000000000019bbf       0x18 ./Sources/main.o
 .debug_macro   0x0000000000019bd7       0x35 ./Sources/main.o
 .debug_macro   0x0000000000019c0c       0x34 ./Sources/main.o
 .debug_macro   0x0000000000019c40       0x16 ./Sources/main.o
 .debug_macro   0x0000000000019c56       0x97 ./Sources/main.o
 .debug_macro   0x0000000000019ced      0x35d ./Sources/main.o
 .debug_macro   0x000000000001a04a       0xf6 ./Sources/main.o
 .debug_macro   0x000000000001a140       0x10 ./Sources/main.o
 .debug_macro   0x000000000001a150       0x16 ./Sources/main.o
 .debug_macro   0x000000000001a166       0x43 ./Sources/main.o
 .debug_macro   0x000000000001a1a9       0x34 ./Sources/main.o
 .debug_macro   0x000000000001a1dd       0x10 ./Sources/main.o
 .debug_macro   0x000000000001a1ed       0x58 ./Sources/main.o
 .debug_macro   0x000000000001a245      0x182 ./Sources/main.o
 .debug_macro   0x000000000001a3c7       0xbe ./Sources/main.o
 .debug_macro   0x000000000001a485       0x16 ./Sources/main.o
 .debug_macro   0x000000000001a49b      0x129 ./Sources/main.o
 .debug_macro   0x000000000001a5c4       0x22 ./Sources/main.o
 .debug_macro   0x000000000001a5e6       0xa9 ./Project_Settings/Startup_Code/system_MK60D10.o
 .debug_macro   0x000000000001a68f       0x65 ./Project_Settings/Startup_Code/system_MK60D10.o

.debug_line     0x0000000000000000      0xc0a
 .debug_line    0x0000000000000000      0x86d ./Sources/main.o
 .debug_line    0x000000000000086d       0x78 ./Project_Settings/Startup_Code/startup_MK60D10.o
 .debug_line    0x00000000000008e5      0x325 ./Project_Settings/Startup_Code/system_MK60D10.o

.debug_str      0x0000000000000000    0x94e6c
 .debug_str     0x0000000000000000    0x94d36 ./Sources/main.o
                                      0x94f6a (size before relaxing)
 .debug_str     0x0000000000094d36       0x41 ./Project_Settings/Startup_Code/startup_MK60D10.o
                                         0x7a (size before relaxing)
 .debug_str     0x0000000000094d77       0xf5 ./Project_Settings/Startup_Code/system_MK60D10.o
                                      0x91071 (size before relaxing)

.comment        0x0000000000000000       0x49
 .comment       0x0000000000000000       0x49 ./Sources/main.o
                                         0x4a (size before relaxing)
 .comment       0x0000000000000049       0x4a ./Project_Settings/Startup_Code/system_MK60D10.o

.debug_frame    0x0000000000000000      0x364
 .debug_frame   0x0000000000000000      0x278 ./Sources/main.o
 .debug_frame   0x0000000000000278       0x58 ./Project_Settings/Startup_Code/system_MK60D10.o
 .debug_frame   0x00000000000002d0       0x28 /usr/bin/../lib/gcc/arm-none-eabi/10.3.1/../../../../arm-none-eabi/lib/thumb/v7e-m/nofp/libg_nano.a(lib_a-exit.o)
 .debug_frame   0x00000000000002f8       0x2c /usr/bin/../lib/gcc/arm-none-eabi/10.3.1/../../../../arm-none-eabi/lib/thumb/v7e-m/nofp/libg_nano.a(lib_a-init.o)
 .debug_frame   0x0000000000000324       0x20 /usr/bin/../lib/gcc/arm-none-eabi/10.3.1/../../../../arm-none-eabi/lib/thumb/v7e-m/nofp/libg_nano.a(lib_a-memset.o)
 .debug_frame   0x0000000000000344       0x20 /usr/bin/../lib/gcc/arm-none-eabi/10.3.1/../../../../arm-none-eabi/lib/thumb/v7e-m/nofp/libnosys.a(_exit.o)
